2026-02-25 03:52:42,194 - INFO - main logger - starting main
2026-02-25 03:52:46,548 - INFO - main logger - starting main
2026-02-25 03:52:49,133 - INFO - main logger - starting main
2026-02-25 03:52:50,571 - INFO - main logger - starting main
2026-02-25 03:52:51,534 - INFO - main logger - starting main
2026-02-25 03:55:06,747 - INFO - main logger - starting main
2026-02-25 03:55:08,513 - INFO - main logger - starting main
2026-02-25 03:55:10,061 - INFO - main logger - starting main
2026-02-25 03:57:26,328 - INFO - main logger - starting main
2026-02-25 03:57:26,329 - INFO - main logger - initializing animal: cat
2026-02-25 03:57:26,329 - INFO - main logger - initializing animal: dog
2026-02-25 03:57:26,329 - INFO - main logger - initializing animal: duck
2026-02-25 03:57:32,041 - INFO - main logger - starting main
2026-02-25 03:57:32,042 - INFO - main logger - initializing animal: cat
2026-02-25 03:57:32,042 - INFO - main logger - initializing animal: dog
2026-02-25 03:57:32,042 - INFO - main logger - initializing animal: duck
2026-02-25 04:11:37,782 - INFO - main logger - starting main
2026-02-25 04:11:37,783 - INFO - main logger - initializing animal: cat
2026-02-25 04:11:37,783 - INFO - main logger - initializing animal: dog
2026-02-25 04:11:37,783 - INFO - main logger - initializing animal: duck
2026-02-25 04:12:51,699 - INFO - main logger - starting main
2026-02-25 04:12:51,700 - INFO - main logger - initializing animal: cat
2026-02-25 04:12:51,700 - INFO - main logger - initializing animal: dog
2026-02-25 04:12:51,700 - INFO - main logger - initializing animal: duck
2026-02-25 04:12:55,837 - INFO - main logger - starting main
2026-02-25 04:12:55,838 - INFO - main logger - initializing animal: cat
2026-02-25 04:12:55,838 - INFO - main logger - initializing animal: dog
2026-02-25 04:12:55,838 - INFO - main logger - initializing animal: duck
2026-02-25 04:14:44,383 - INFO - main logger - starting main
2026-02-25 04:14:44,384 - INFO - main logger - initializing animal: cat
2026-02-25 04:14:44,384 - INFO - main logger - initializing animal: dog
2026-02-25 04:14:44,384 - INFO - main logger - initializing animal: duck
2026-02-25 04:25:00,911 - INFO - main logger - starting main
2026-02-25 04:25:00,911 - INFO - main logger - initializing animal: cat
2026-02-25 04:25:00,911 - INFO - main logger - initializing animal: dog
2026-02-25 04:25:00,912 - INFO - main logger - initializing animal: duck
2026-02-25 04:25:14,737 - INFO - main logger - starting main
2026-02-25 04:25:14,737 - INFO - main logger - initializing animal: cat
2026-02-25 04:25:14,738 - INFO - main logger - initializing animal: dog
2026-02-25 04:25:14,738 - INFO - main logger - initializing animal: duck
2026-02-25 04:25:31,332 - INFO - main logger - starting main
2026-02-25 04:25:31,333 - INFO - main logger - initializing animal: cat
2026-02-25 04:25:31,333 - INFO - main logger - initializing animal: dog
2026-02-25 04:25:31,333 - INFO - main logger - initializing animal: duck
2026-02-25 04:36:08,298 - INFO - main logger - starting main
2026-02-25 04:36:08,299 - INFO - main logger - initializing animal: cat
2026-02-25 04:36:08,299 - INFO - main logger - initializing animal: dog
2026-02-25 04:36:08,299 - INFO - main logger - initializing animal: duck
2026-02-25 04:38:34,366 - INFO - main logger - starting main
2026-02-25 04:38:34,366 - INFO - main logger - initializing animal: cat
2026-02-25 04:38:48,872 - INFO - main logger - starting main
2026-02-25 04:38:48,873 - INFO - main logger - initializing animal: cat
2026-02-25 04:38:48,873 - INFO - main logger - initializing animal: dog
2026-02-25 04:39:17,548 - INFO - main logger - starting main
2026-02-25 04:39:17,548 - INFO - main logger - initializing animal: cat
2026-02-25 04:39:17,548 - INFO - main logger - initializing animal: dog
2026-02-25 04:40:32,378 - INFO - main logger - starting main
2026-02-25 04:40:32,378 - INFO - main logger - initializing animal: cat
2026-02-25 04:40:32,378 - INFO - main logger - initializing animal: dog
2026-02-25 04:40:42,200 - INFO - main logger - starting main
2026-02-25 04:40:42,200 - INFO - main logger - initializing animal: cat
2026-02-25 04:40:51,712 - INFO - main logger - initializing animal: dog
2026-02-25 04:41:50,842 - INFO - main logger - starting main
2026-02-25 04:41:50,842 - INFO - main logger - initializing animal: cat
2026-02-25 04:41:50,842 - INFO - main logger - initializing animal: dog
2026-02-25 04:47:19,388 - INFO - main logger - starting main
2026-02-25 04:47:19,388 - INFO - main logger - initializing animal: cat
2026-02-25 04:47:28,800 - INFO - main logger - initializing animal: dog
2026-02-25 04:49:37,183 - INFO - main logger - starting main
2026-02-25 04:49:37,184 - INFO - main logger - initializing animal: cat
2026-02-25 04:49:37,184 - INFO - main logger - initializing animal: dog
2026-02-25 04:49:37,184 - INFO - main logger - initializing animal: duck
2026-02-25 04:51:07,713 - INFO - main logger - starting main
2026-02-25 04:51:07,713 - INFO - main logger - initializing animal: cat
2026-02-25 04:51:07,713 - INFO - main logger - initializing animal: dog
2026-02-25 04:51:07,714 - INFO - main logger - initializing animal: duck
2026-02-25 04:51:15,559 - INFO - main logger - starting main
2026-02-25 04:51:15,559 - INFO - main logger - initializing animal: cat
2026-02-25 04:51:15,559 - INFO - main logger - initializing animal: dog
2026-02-25 04:51:15,559 - INFO - main logger - initializing animal: duck
2026-02-25 04:51:24,533 - INFO - main logger - starting main
2026-02-25 04:51:24,534 - INFO - main logger - initializing animal: cat
2026-02-25 04:51:24,534 - INFO - main logger - initializing animal: dog
2026-02-25 04:51:24,534 - INFO - main logger - initializing animal: duck
2026-02-25 04:52:15,515 - INFO - main logger - starting main
2026-02-25 04:52:15,516 - INFO - main logger - initializing animal: cat
2026-02-25 04:52:15,516 - INFO - main logger - initializing animal: dog
2026-02-25 04:52:15,516 - INFO - main logger - initializing animal: duck
2026-02-25 04:53:28,987 - INFO - main logger - starting main
2026-02-25 04:53:28,988 - INFO - main logger - initializing animal: cat
2026-02-25 04:53:28,988 - INFO - main logger - initializing animal: dog
2026-02-25 04:53:28,988 - INFO - main logger - initializing animal: duck
2026-02-25 05:01:30,791 - INFO - main logger - starting main
2026-02-25 05:01:30,791 - INFO - main logger - initializing animal: cat
2026-02-25 05:01:30,791 - INFO - main logger - initializing animal: dog
2026-02-25 05:01:30,791 - INFO - main logger - initializing animal: duck
2026-02-25 23:44:21,600 - INFO - main logger - starting zoo
2026-02-25 23:44:21,601 - INFO - main logger - initializing animal: cat
2026-02-25 23:44:21,601 - INFO - main logger - initializing animal: dog
2026-02-25 23:44:21,601 - INFO - main logger - initializing animal: duck
2026-02-25 23:44:43,732 - INFO - main logger - starting zoo
2026-02-25 23:44:43,732 - INFO - main logger - initializing animal: cat
2026-02-25 23:44:43,733 - INFO - main logger - initializing animal: dog
2026-02-25 23:44:43,733 - INFO - main logger - initializing animal: duck
2026-02-26 04:54:23,055 - INFO - main logger - starting zoo
2026-02-26 04:54:23,056 - INFO - main logger - initializing animal: cat
2026-02-26 04:54:23,056 - INFO - main logger - initializing animal: dog
2026-02-26 04:54:23,056 - INFO - main logger - initializing animal: duck
2026-02-26 04:54:36,006 - INFO - main logger - starting zoo
2026-02-26 04:54:36,007 - INFO - main logger - initializing animal: cat
2026-02-26 04:54:36,007 - INFO - main logger - initializing animal: dog
2026-02-26 04:54:36,007 - INFO - main logger - initializing animal: duck
2026-02-26 04:57:03,637 - INFO - main logger - starting zoo
2026-02-26 04:57:03,637 - INFO - main logger - initializing animal: cat
2026-02-26 04:57:03,638 - INFO - main logger - initializing animal: dog
2026-02-26 04:57:03,638 - INFO - main logger - initializing animal: duck
2026-02-26 05:00:41,045 - INFO - main logger - starting zoo
2026-02-26 05:00:41,046 - INFO - main logger - initialized animal: cat
2026-02-26 05:00:41,046 - INFO - main logger - initialized animal: dog
2026-02-26 05:00:41,046 - INFO - main logger - initialized animal: duck
2026-02-26 05:05:00,945 - INFO - main logger - starting zoo
2026-02-26 05:05:00,946 - INFO - main logger - initialized animal: cat
2026-02-26 05:05:00,946 - INFO - main logger - initialized animal: dog
2026-02-26 05:05:00,946 - INFO - main logger - initialized animal: duck
2026-02-26 05:05:07,879 - INFO - main logger - starting zoo
2026-02-26 05:05:07,880 - INFO - main logger - initialized animal: cat
2026-02-26 05:05:07,880 - INFO - main logger - initialized animal: dog
2026-02-26 05:05:07,880 - INFO - main logger - initialized animal: duck
2026-02-26 05:06:45,745 - INFO - main logger - starting zoo
2026-02-26 05:06:45,745 - INFO - main logger - initialized animal: cat
2026-02-26 05:06:45,746 - INFO - main logger - initialized animal: dog
2026-02-26 05:06:45,746 - INFO - main logger - initialized animal: duck
2026-02-26 05:07:12,256 - INFO - main logger - starting zoo
2026-02-26 05:07:12,256 - INFO - main logger - initialized animal: cat
2026-02-26 05:07:12,256 - INFO - main logger - printed animal name: cat
2026-02-26 05:07:12,256 - INFO - main logger - printed animal sound: Meow
2026-02-26 05:07:12,256 - INFO - main logger - printed animal poop: cat
2026-02-26 05:07:12,257 - INFO - main logger - initialized animal: dog
2026-02-26 05:07:12,257 - INFO - main logger - printed animal name: dog
2026-02-26 05:07:12,257 - INFO - main logger - printed animal sound: How
2026-02-26 05:07:12,257 - INFO - main logger - printed animal poop: dog
2026-02-26 05:07:12,257 - INFO - main logger - initialized animal: duck
2026-02-26 05:07:12,257 - INFO - main logger - printed animal name: duck
2026-02-26 05:07:12,257 - INFO - main logger - printed animal sound: Quack
2026-02-26 05:07:12,257 - INFO - main logger - printed animal poop: duck
2026-02-26 05:07:42,379 - INFO - main logger - starting zoo
2026-02-26 05:07:42,379 - INFO - main logger - initialized animal: cat
2026-02-26 05:07:42,379 - INFO - main logger - printed animal name: cat
2026-02-26 05:07:42,379 - INFO - main logger - printed animal sound: Meow
2026-02-26 05:07:42,379 - INFO - main logger - printed animal poop: cat
2026-02-26 05:07:42,380 - INFO - main logger - initialized animal: dog
2026-02-26 05:07:42,380 - INFO - main logger - printed animal name: dog
2026-02-26 05:07:42,380 - INFO - main logger - printed animal sound: How
2026-02-26 05:07:42,380 - INFO - main logger - printed animal poop: dog
2026-02-26 05:07:42,380 - INFO - main logger - initialized animal: duck
2026-02-26 05:07:42,380 - INFO - main logger - printed animal name: duck
2026-02-26 05:07:42,380 - INFO - main logger - printed animal sound: Quack
2026-02-26 05:07:42,380 - INFO - main logger - printed animal poop: duck
2026-02-26 05:10:14,056 - INFO - main logger - starting zoo
2026-02-26 05:10:14,056 - INFO - main logger - initialized animal cage
2026-02-26 05:10:14,057 - INFO - main logger - initialized animal: cat
2026-02-26 05:10:14,057 - INFO - main logger - printed animal name: cat
2026-02-26 05:10:14,057 - INFO - main logger - printed animal sound: Meow
2026-02-26 05:10:14,057 - INFO - main logger - printed animal poop: cat
2026-02-26 05:10:14,057 - INFO - main logger - Added animal to animal cage
2026-02-26 05:10:14,057 - INFO - main logger - initialized animal: dog
2026-02-26 05:10:14,057 - INFO - main logger - printed animal name: dog
2026-02-26 05:10:14,057 - INFO - main logger - printed animal sound: How
2026-02-26 05:10:14,057 - INFO - main logger - printed animal poop: dog
2026-02-26 05:10:14,057 - INFO - main logger - Added animal to animal cage
2026-02-26 05:10:14,057 - INFO - main logger - initialized animal: duck
2026-02-26 05:10:14,057 - INFO - main logger - printed animal name: duck
2026-02-26 05:10:14,057 - INFO - main logger - printed animal sound: Quack
2026-02-26 05:10:14,057 - INFO - main logger - printed animal poop: duck
2026-02-26 05:10:14,057 - INFO - main logger - Added animal to animal cage
2026-02-26 05:10:14,057 - INFO - main logger - removed animal from cage
2026-02-26 05:10:14,057 - INFO - main logger - failed to remove animal from cage
